Nothing to build in platform 'zynq_design_1_wrapper'

18:15:28 **** Incremental Build of configuration Debug for project yua ****
make all 
make --no-print-directory pre-build
a9-linaro-pre-build-step
' '
make --no-print-directory main-build
'Building file: ../src/helloworld.c'
'Invoking: ARM v7 gcc compiler'
arm-none-eabi-gcc -Wall -O0 -g3 -c -fmessage-length=0 -MT"src/helloworld.o" -mcpu=cortex-a9 -mfpu=vfpv3 -mfloat-abi=hard -IC:/Users/oparker/cpre488/Labs/MP-0/workspace/zynq_design_1_wrapper/export/zynq_design_1_wrapper/sw/zynq_design_1_wrapper/domain_ps7_cortexa9_0/bspinclude/include -MMD -MP -MF"src/helloworld.d" -MT"src/helloworld.o" -o "src/helloworld.o" "../src/helloworld.c"
'Finished building: ../src/helloworld.c'
' '
'Building target: yua.elf'
'Invoking: ARM v7 gcc linker'
arm-none-eabi-gcc -mcpu=cortex-a9 -mfpu=vfpv3 -mfloat-abi=hard -Wl,-build-id=none -specs=Xilinx.spec -Wl,-T -Wl,../src/lscript.ld -LC:/Users/oparker/cpre488/Labs/MP-0/workspace/zynq_design_1_wrapper/export/zynq_design_1_wrapper/sw/zynq_design_1_wrapper/domain_ps7_cortexa9_0/bsplib/lib -o "yua.elf"  ./src/helloworld.o ./src/platform.o   -Wl,--start-group,-lxil,-lgcc,-lc,--end-group
'Finished building target: yua.elf'
' '
'Invoking: ARM v7 Print Size'
arm-none-eabi-size yua.elf  |tee "yua.elf.size"
   text	   data	    bss	    dec	    hex	filename
  34560	   1152	 636984	 672696	  a43b8	yua.elf
'Finished building: yua.elf.size'
' '
