19:55:44 **** Incremental Build of configuration Debug for project mp0-section_a ****
make all 
make --no-print-directory pre-build
a9-linaro-pre-build-step
' '
make --no-print-directory main-build
'Building file: ../src/helloworld.c'
'Invoking: ARM v7 gcc compiler'
arm-none-eabi-gcc -Wall -O0 -g3 -c -fmessage-length=0 -MT"src/helloworld.o" -mcpu=cortex-a9 -mfpu=vfpv3 -mfloat-abi=hard -IC:/Users/jaxie963/cpre488/Labs/MP-0/workspace/zynq_design_1_wrapper/export/zynq_design_1_wrapper/sw/zynq_design_1_wrapper/domain_ps7_cortexa9_0/bspinclude/include -MMD -MP -MF"src/helloworld.d" -MT"src/helloworld.o" -o "src/helloworld.o" "../src/helloworld.c"
'Finished building: ../src/helloworld.c'
' '
'Building file: ../src/vga_test.c'
'Invoking: ARM v7 gcc compiler'
arm-none-eabi-gcc -Wall -O0 -g3 -c -fmessage-length=0 -MT"src/vga_test.o" -mcpu=cortex-a9 -mfpu=vfpv3 -mfloat-abi=hard -IC:/Users/jaxie963/cpre488/Labs/MP-0/workspace/zynq_design_1_wrapper/export/zynq_design_1_wrapper/sw/zynq_design_1_wrapper/domain_ps7_cortexa9_0/bspinclude/include -MMD -MP -MF"src/vga_test.d" -MT"src/vga_test.o" -o "src/vga_test.o" "../src/vga_test.c"
'Finished building: ../src/vga_test.c'
' '
'Building target: mp0-section_a.elf'
'Invoking: ARM v7 gcc linker'
arm-none-eabi-gcc -mcpu=cortex-a9 -mfpu=vfpv3 -mfloat-abi=hard -Wl,-build-id=none -specs=Xilinx.spec -Wl,-T -Wl,../src/lscript.ld -LC:/Users/jaxie963/cpre488/Labs/MP-0/workspace/zynq_design_1_wrapper/export/zynq_design_1_wrapper/sw/zynq_design_1_wrapper/domain_ps7_cortexa9_0/bsplib/lib -o "mp0-section_a.elf"  ./src/helloworld.o ./src/platform.o ./src/vga_test.o   -Wl,--start-group,-lxil,-lgcc,-lc,--end-group
'Finished building target: mp0-section_a.elf'
' '
'Invoking: ARM v7 Print Size'
arm-none-eabi-size mp0-section_a.elf  |tee "mp0-section_a.elf.size"
   text	   data	    bss	    dec	    hex	filename
  34392	   1152	 636984	 672528	  a4310	mp0-section_a.elf
'Finished building: mp0-section_a.elf.size'
' '

19:55:44 Build Finished (took 721ms)

