22:48:13 **** Incremental Build of configuration Debug for project NES_TEST ****
make all 
make --no-print-directory pre-build
a9-linaro-pre-build-step
' '
make --no-print-directory main-build
'Building file: ../src/NESCore_Callback.c'
'Invoking: ARM v7 gcc compiler'
arm-none-eabi-gcc -Wall -O0 -g3 -IC:/Users/jaxie963/workspace/zynq_design_1_wrapper/export/zynq_design_1_wrapper/sw/zynq_design_1_wrapper/domain_ps7_cortexa9_0/bspinclude/include -I"C:\Users\jaxie963\workspace\NES_TEST\src\NESCore" -I"C:\Users\jaxie963\workspace\NES_TEST\src\xilsd" -I"C:\Users\jaxie963\workspace\NES_TEST\src" -c -fmessage-length=0 -MT"src/NESCore_Callback.o" -mcpu=cortex-a9 -mfpu=vfpv3 -mfloat-abi=hard -MMD -MP -MF"src/NESCore_Callback.d" -MT"src/NESCore_Callback.o" -o "src/NESCore_Callback.o" "../src/NESCore_Callback.c"
../src/NESCore_Callback.c: In function 'NESCore_Callback_OutputFrame':
../src/NESCore_Callback.c:36:10: warning: unused variable 'str' [-Wunused-variable]
   36 |     char str[50];
      |          ^~~
../src/NESCore_Callback.c: In function 'NESCore_Callback_InputPadState':
../src/NESCore_Callback.c:87:13: warning: unused variable 'LEDIn' [-Wunused-variable]
   87 |     UINTPTR LEDIn = 0x41200000;
      |             ^~~~~
'Finished building: ../src/NESCore_Callback.c'
' '
'Building target: NES_TEST.elf'
'Invoking: ARM v7 gcc linker'
arm-none-eabi-gcc -mcpu=cortex-a9 -mfpu=vfpv3 -mfloat-abi=hard -Wl,-build-id=none -specs=Xilinx.spec -Wl,-T -Wl,../src/lscript.ld -LC:/Users/jaxie963/workspace/zynq_design_1_wrapper/export/zynq_design_1_wrapper/sw/zynq_design_1_wrapper/domain_ps7_cortexa9_0/bsplib/lib -o "NES_TEST.elf"  ./src/xilsd/ff.o ./src/xilsd/mmc.o ./src/xilsd/xilsd.o  ./src/NESCore/M6502.o ./src/NESCore/NESCore.o ./src/NESCore/NESCore_Mapper.o ./src/NESCore/NESCore_pAPU.o  ./src/NESCore_Callback.o ./src/VGA_TEST.o ./src/bmp_misc.o ./src/nes_bootloader.o ./src/platform.o ./src/utils.o ./src/wav_misc.o   -Wl,--start-group,-lxil,-lgcc,-lc,--end-group
'Finished building target: NES_TEST.elf'
' '
'Invoking: ARM v7 Print Size'
arm-none-eabi-size NES_TEST.elf  |tee "NES_TEST.elf.size"
   text	   data	    bss	    dec	    hex	filename
 481051	   4676	5561264	6046991	 5c450f	NES_TEST.elf
'Finished building: NES_TEST.elf.size'
' '

22:48:14 Build Finished (took 770ms)

