11:41:14 **** Incremental Build of configuration Debug for project NES_PROJECT ****
make all 
make --no-print-directory pre-build
a9-linaro-pre-build-step
' '
make --no-print-directory main-build
'Building file: ../src/NESCore_Callback.c'
'Invoking: ARM v7 gcc compiler'
arm-none-eabi-gcc -Wall -O0 -g3 -IC:/Users/oparker/cpre488/Labs/MP-0/workspace/zynq_design_1_wrapper/export/zynq_design_1_wrapper/sw/zynq_design_1_wrapper/domain_ps7_cortexa9_0/bspinclude/include -I"C:\Users\oparker\cpre488\Labs\MP-0\workspace\NES_PROJECT\src\NESCore" -I"C:\Users\oparker\cpre488\Labs\MP-0\workspace\NES_PROJECT\src\xilsd" -I"C:\Users\oparker\cpre488\Labs\MP-0\workspace\NES_PROJECT\src" -c -fmessage-length=0 -MT"src/NESCore_Callback.o" -mcpu=cortex-a9 -mfpu=vfpv3 -mfloat-abi=hard -MMD -MP -MF"src/NESCore_Callback.d" -MT"src/NESCore_Callback.o" -o "src/NESCore_Callback.o" "../src/NESCore_Callback.c"
'Finished building: ../src/NESCore_Callback.c'
' '
'Building target: NES_PROJECT.elf'
'Invoking: ARM v7 gcc linker'
arm-none-eabi-gcc -mcpu=cortex-a9 -mfpu=vfpv3 -mfloat-abi=hard -Wl,-build-id=none -specs=Xilinx.spec -Wl,-T -Wl,../src/lscript.ld -LC:/Users/oparker/cpre488/Labs/MP-0/workspace/zynq_design_1_wrapper/export/zynq_design_1_wrapper/sw/zynq_design_1_wrapper/domain_ps7_cortexa9_0/bsplib/lib -o "NES_PROJECT.elf"  ./src/xilsd/ff.o ./src/xilsd/mmc.o ./src/xilsd/xilsd.o  ./src/NESCore/M6502.o ./src/NESCore/NESCore.o ./src/NESCore/NESCore_Mapper.o ./src/NESCore/NESCore_pAPU.o  ./src/NESCore_Callback.o ./src/VGA_TEST.o ./src/bmp_misc.o ./src/nes_bootloader.o ./src/platform.o ./src/utils.o ./src/wav_misc.o   -Wl,--start-group,-lxil,-lgcc,-lc,--end-group
'Finished building target: NES_PROJECT.elf'
' '
'Invoking: ARM v7 Print Size'
arm-none-eabi-size NES_PROJECT.elf  |tee "NES_PROJECT.elf.size"
   text	   data	    bss	    dec	    hex	filename
 480259	   4676	5561264	6046199	 5c41f7	NES_PROJECT.elf
'Finished building: NES_PROJECT.elf.size'
' '

11:41:15 Build Finished (took 718ms)

