09:29:00 **** Incremental Build of configuration Debug for project Zynq_Design ****
make all 
make --no-print-directory pre-build
a9-linaro-pre-build-step
' '
make --no-print-directory main-build
'Building file: ../src/helloworld.c'
'Invoking: ARM v7 gcc compiler'
arm-none-eabi-gcc -Wall -O0 -g3 -c -fmessage-length=0 -MT"src/helloworld.o" -mcpu=cortex-a9 -mfpu=vfpv3 -mfloat-abi=hard -IU:/cpre488/Labs/MP-0/workspace/zynq_design_1_wrapper/export/zynq_design_1_wrapper/sw/zynq_design_1_wrapper/domain_ps7_cortexa9_0/bspinclude/include -MMD -MP -MF"src/helloworld.d" -MT"src/helloworld.o" -o "src/helloworld.o" "../src/helloworld.c"
'Finished building: ../src/helloworld.c'
' '
'Building file: ../src/platform.c'
'Invoking: ARM v7 gcc compiler'
arm-none-eabi-gcc -Wall -O0 -g3 -c -fmessage-length=0 -MT"src/platform.o" -mcpu=cortex-a9 -mfpu=vfpv3 -mfloat-abi=hard -IU:/cpre488/Labs/MP-0/workspace/zynq_design_1_wrapper/export/zynq_design_1_wrapper/sw/zynq_design_1_wrapper/domain_ps7_cortexa9_0/bspinclude/include -MMD -MP -MF"src/platform.d" -MT"src/platform.o" -o "src/platform.o" "../src/platform.c"
'Finished building: ../src/platform.c'
' '
'Building target: Zynq_Design.elf'
'Invoking: ARM v7 gcc linker'
arm-none-eabi-gcc -mcpu=cortex-a9 -mfpu=vfpv3 -mfloat-abi=hard -Wl,-build-id=none -specs=Xilinx.spec -Wl,-T -Wl,../src/lscript.ld -LU:/cpre488/Labs/MP-0/workspace/zynq_design_1_wrapper/export/zynq_design_1_wrapper/sw/zynq_design_1_wrapper/domain_ps7_cortexa9_0/bsplib/lib -o "Zynq_Design.elf"  ./src/helloworld.o ./src/platform.o   -Wl,--start-group,-lxil,-lgcc,-lc,--end-group
'Finished building target: Zynq_Design.elf'
' '
'Invoking: ARM v7 Print Size'
arm-none-eabi-size Zynq_Design.elf  |tee "Zynq_Design.elf.size"
   text	   data	    bss	    dec	    hex	filename
  19472	   1144	  22568	  43184	   a8b0	Zynq_Design.elf
'Finished building: Zynq_Design.elf.size'
' '

09:29:04 Build Finished (took 4s.454ms)

