11:53:27 **** Incremental Build of configuration Debug for project MP1_SDK ****
make all 
make --no-print-directory pre-build
a9-linaro-pre-build-step
' '
make --no-print-directory main-build
'Building file: ../src/helloworld.c'
'Invoking: ARM v7 gcc compiler'
arm-none-eabi-gcc -Wall -O0 -g3 -c -fmessage-length=0 -MT"src/helloworld.o" -mcpu=cortex-a9 -mfpu=vfpv3 -mfloat-abi=hard -IC:/Users/oparker/cpre488/design_1_wrapper/export/design_1_wrapper/sw/design_1_wrapper/domain_ps7_cortexa9_0/bspinclude/include -MMD -MP -MF"src/helloworld.d" -MT"src/helloworld.o" -o "src/helloworld.o" "../src/helloworld.c"
../src/helloworld.c: In function 'main':
../src/helloworld.c:83:34: warning: format '%p' expects argument of type 'void *', but argument 3 has type 'UINTPTR' {aka 'unsigned int'} [-Wformat=]
   83 |      sprintf(str, "\n\r result: %p", result);
      |                                 ~^   ~~~~~~
      |                                  |   |
      |                                  |   UINTPTR {aka unsigned int}
      |                                  void *
      |                                 %d
../src/helloworld.c:62:13: warning: unused variable 'Slv' [-Wunused-variable]
   62 |     UINTPTR Slv = 0x43C00028;
      |             ^~~
'Finished building: ../src/helloworld.c'
' '
'Building target: MP1_SDK.elf'
'Invoking: ARM v7 gcc linker'
arm-none-eabi-gcc -mcpu=cortex-a9 -mfpu=vfpv3 -mfloat-abi=hard -Wl,-build-id=none -specs=Xilinx.spec -Wl,-T -Wl,../src/lscript.ld -LC:/Users/oparker/cpre488/design_1_wrapper/export/design_1_wrapper/sw/design_1_wrapper/domain_ps7_cortexa9_0/bsplib/lib -o "MP1_SDK.elf"  ./src/helloworld.o ./src/platform.o   -Wl,--start-group,-lxil,-lgcc,-lc,--end-group
'Finished building target: MP1_SDK.elf'
' '
'Invoking: ARM v7 Print Size'
arm-none-eabi-size MP1_SDK.elf  |tee "MP1_SDK.elf.size"
   text	   data	    bss	    dec	    hex	filename
  37776	   2548	  22640	  62964	   f5f4	MP1_SDK.elf
'Finished building: MP1_SDK.elf.size'
' '

11:53:28 Build Finished (took 607ms)

